// Jest Snapshot v1, https://goo.gl/fbAQLP

exports[`Company snowflake chart matches snapshot 1`] = `
<div
  style={
    Object {
      "height": "100px",
      "width": "200px",
    }
  }
>
  <div
    className="recharts-responsive-container"
    style={
      Object {
        "height": "100%",
        "maxHeight": undefined,
        "minHeight": undefined,
        "minWidth": undefined,
        "width": "100%",
      }
    }
  />
</div>
`;
