// Jest Snapshot v1, https://goo.gl/fbAQLP

exports[`Company filter input matches snapshot 1`] = `
<form
  className="ui form"
  onSubmit={[Function]}
>
  <div
    className="fields"
  >
    <div
      className="field"
    >
      <div
        style={
          Object {
            "color": "whitesmoke",
          }
        }
      >
        Exchange symbol filter
      </div>
      <div
        aria-describedby={null}
        aria-expanded={false}
        className="ui selection dropdown"
        name="exchangeSymbol"
        onBlur={[Function]}
        onChange={[Function]}
        onClick={[Function]}
        onFocus={[Function]}
        onKeyDown={[Function]}
        onMouseDown={[Function]}
        role="listbox"
        tabIndex={0}
      >
        <div
          aria-atomic={true}
          aria-live="polite"
          className="divider default text"
          role="alert"
        >
          All
        </div>
        <i
          aria-hidden="true"
          className="dropdown icon"
          onClick={[Function]}
        />
        <div
          className="menu transition"
        >
          <div
            aria-checked={false}
            aria-selected={true}
            className="selected item"
            onClick={[Function]}
            role="option"
            style={
              Object {
                "pointerEvents": "all",
              }
            }
          >
            <span
              className="text"
            >
              All
            </span>
          </div>
          <div
            aria-checked={false}
            aria-selected={false}
            className="item"
            onClick={[Function]}
            role="option"
            style={
              Object {
                "pointerEvents": "all",
              }
            }
          >
            <span
              className="text"
            >
              ASX
            </span>
          </div>
          <div
            aria-checked={false}
            aria-selected={false}
            className="item"
            onClick={[Function]}
            role="option"
            style={
              Object {
                "pointerEvents": "all",
              }
            }
          >
            <span
              className="text"
            >
              NYSE
            </span>
          </div>
        </div>
      </div>
    </div>
    <div
      className="field"
    >
      <div
        style={
          Object {
            "color": "whitesmoke",
          }
        }
      >
        Overall score from
      </div>
      <div
        className="ui input"
      >
        <input
          aria-describedby={null}
          name="overallScoreFrom"
          onChange={[Function]}
          placeholder={0}
          type="number"
        />
      </div>
    </div>
    <div
      className="field"
    >
      <div
        style={
          Object {
            "color": "whitesmoke",
          }
        }
      >
        Overall score to
      </div>
      <div
        className="ui input"
      >
        <input
          aria-describedby={null}
          name="overallScoreTo"
          onChange={[Function]}
          placeholder={50}
          type="number"
        />
      </div>
    </div>
  </div>
  <div
    className="fields"
  >
    <div
      className="field"
    >
      <button
        aria-describedby={null}
        className="ui blue button"
        onClick={[Function]}
      >
        Filter
      </button>
    </div>
  </div>
</form>
`;
